C:\Users\Ryan\Desktop\SP Analytics\GitHub\SPAnalytics\SPAnalytics\src\application\Position.java
C:\Users\Ryan\Desktop\SP Analytics\GitHub\SPAnalytics\SPAnalytics\src\application\Game.java
C:\Users\Ryan\Desktop\SP Analytics\GitHub\SPAnalytics\SPAnalytics\src\application\Controller.java
C:\Users\Ryan\Desktop\SP Analytics\GitHub\SPAnalytics\SPAnalytics\src\application\Team.java
C:\Users\Ryan\Desktop\SP Analytics\GitHub\SPAnalytics\SPAnalytics\src\application\Member.java
C:\Users\Ryan\Desktop\SP Analytics\GitHub\SPAnalytics\SPAnalytics\src\application\Point.java
C:\Users\Ryan\Desktop\SP Analytics\GitHub\SPAnalytics\SPAnalytics\src\application\Clip.java
C:\Users\Ryan\Desktop\SP Analytics\GitHub\SPAnalytics\SPAnalytics\src\application\Goalie.java
C:\Users\Ryan\Desktop\SP Analytics\GitHub\SPAnalytics\SPAnalytics\src\application\MemberModel.java
C:\Users\Ryan\Desktop\SP Analytics\GitHub\SPAnalytics\SPAnalytics\src\application\Model.java
C:\Users\Ryan\Desktop\SP Analytics\GitHub\SPAnalytics\SPAnalytics\src\application\PlayerStats.java
C:\Users\Ryan\Desktop\SP Analytics\GitHub\SPAnalytics\SPAnalytics\src\application\Player.java
C:\Users\Ryan\Desktop\SP Analytics\GitHub\SPAnalytics\SPAnalytics\src\application\TeamScore.java
C:\Users\Ryan\Desktop\SP Analytics\GitHub\SPAnalytics\SPAnalytics\src\application\GoalieModel.java
C:\Users\Ryan\Desktop\SP Analytics\GitHub\SPAnalytics\SPAnalytics\src\application\DrawnObject.java
C:\Users\Ryan\Desktop\SP Analytics\GitHub\SPAnalytics\SPAnalytics\src\application\Main.java
